// Jest Snapshot v1, https://goo.gl/fbAQLP

exports[`<LogoLink /> should match snapshot 1`] = `
.c1 {
  all: unset;
  color: #0A1128;
  font-weight: 700;
  cursor: pointer;
}

.c1 >img {
  height: 3rem;
}

.c0 {
  color: #0A1128;
  width: auto;
  font-size: 3.2rem;
  text-transform: uppercase;
}

<h1
  class="c0"
  colordark="true"
>
  <a
    class="c1"
    href="#target"
  >
    <img
      alt="OlÃ¡ mundo"
      src="image.jpg"
    />
  </a>
</h1>
`;
