// Jest Snapshot v1, https://goo.gl/fbAQLP

exports[`<GridText /> should render the component 1`] = `
.c4 {
  color: #0A1128;
  font-size: 6.4rem;
  text-transform: uppercase;
}

.c9 {
  color: #0A1128;
  font-size: 3.2rem;
  text-transform: none;
}

.c6 {
  font-size: 2.4rem;
}

.c2 .c5 {
  margin-bottom: 6.4rem;
}

.c7 {
  display: grid;
  grid-template-columns: repeat(auto-fill, minmax(280px, 1fr));
  gap: 3.2rem;
  counter-reset: grid-counter;
}

.c8 .c3 {
  position: relative;
  left: 5rem;
}

.c8 .c3::before {
  counter-increment: grid-counter;
  content: counter(grid-counter);
  position: absolute;
  font-size: 7rem;
  top: -3rem;
  left: -5rem;
  transform: rotate(5deg);
}

.c0 {
  background-color: #FFFFFF;
  color: #0A1128;
  min-height: 100vh;
  display: flex;
  align-items: center;
}

.c1 {
  max-width: 120rem;
  margin: 0 auto;
  padding: 3.2rem;
}

@media (max-width: 768px) {
  .c4 {
    font-size: 4.0rem;
  }
}

@media (max-width: 768px) {
  .c7 {
    grid-template-columns: 1fr;
  }
}

<div>
  <div
    class="c0"
  >
    <div
      class="c1"
    >
      <div
        class="c2"
      >
        <h2
          class="c3 c4"
          colordark="true"
        >
          My grid
        </h2>
        <p
          class="c5 c6"
        >
          Atque doloribus nobis laudantium esse ut, non commodi maxime distinctio veritatis unde
        </p>
        <div
          class="c7"
        >
          <div
            class="c8"
          >
            <h3
              class="c3 c9"
              colordark="true"
            >
              Teste 1
            </h3>
            <p
              class="c5 c6"
            >
              Lorem ipsum dolor sit, amet consectetur adipisicing elit. Debitis cum delectus molestias. Atque doloribus nobis laudantium esse ut, non commodi maxime distinctio veritatis unde, reprehenderit minus ad dolores provident maiores.
            </p>
          </div>
          <div
            class="c8"
          >
            <h3
              class="c3 c9"
              colordark="true"
            >
              Teste 2
            </h3>
            <p
              class="c5 c6"
            >
              Lorem ipsum dolor sit, amet consectetur adipisicing elit. Debitis cum delectus molestias. Atque doloribus nobis laudantium esse ut, non commodi maxime distinctio veritatis unde, reprehenderit minus ad dolores provident maiores.
            </p>
          </div>
          <div
            class="c8"
          >
            <h3
              class="c3 c9"
              colordark="true"
            >
              Teste 3
            </h3>
            <p
              class="c5 c6"
            >
              Lorem ipsum dolor sit, amet consectetur adipisicing elit. Debitis cum delectus molestias. Atque doloribus nobis laudantium esse ut, non commodi maxime distinctio veritatis unde, reprehenderit minus ad dolores provident maiores.
            </p>
          </div>
        </div>
      </div>
      <video
        class="vjs-tech"
        id="vjs_video_2108_html5_api"
        playsinline=""
        role="application"
        src="https://video.privacy.com.br/bbfc5610-e3f1-4779-b05c-eaf636a405b8/mp4/adbdbdef-3010-4758-be2f-5af11bc93094-638466691110364374--feercamppos_Mp4_Avc_Aac_16x9_1280x720p_24Hz_8.5Mbps_qvbr.mp4"
        tabindex="-1"
      />
    </div>
  </div>
</div>
`;

exports[`<GridText /> should render the component in background undefined 1`] = `
.c4 {
  color: #0A1128;
  font-size: 6.4rem;
  text-transform: uppercase;
}

.c9 {
  color: #0A1128;
  font-size: 3.2rem;
  text-transform: none;
}

.c6 {
  font-size: 2.4rem;
}

.c2 .c5 {
  margin-bottom: 6.4rem;
}

.c7 {
  display: grid;
  grid-template-columns: repeat(auto-fill, minmax(280px, 1fr));
  gap: 3.2rem;
  counter-reset: grid-counter;
}

.c8 .c3 {
  position: relative;
  left: 5rem;
}

.c8 .c3::before {
  counter-increment: grid-counter;
  content: counter(grid-counter);
  position: absolute;
  font-size: 7rem;
  top: -3rem;
  left: -5rem;
  transform: rotate(5deg);
}

.c0 {
  background-color: #FFFFFF;
  color: #0A1128;
  min-height: 100vh;
  display: flex;
  align-items: center;
}

.c1 {
  max-width: 120rem;
  margin: 0 auto;
  padding: 3.2rem;
}

@media (max-width: 768px) {
  .c4 {
    font-size: 4.0rem;
  }
}

@media (max-width: 768px) {
  .c7 {
    grid-template-columns: 1fr;
  }
}

<div>
  <div
    class="c0"
  >
    <div
      class="c1"
    >
      <div
        class="c2"
      >
        <h2
          class="c3 c4"
          colordark="true"
        >
          My grid
        </h2>
        <p
          class="c5 c6"
        >
          Atque doloribus nobis laudantium esse ut, non commodi maxime distinctio veritatis unde
        </p>
        <div
          class="c7"
        >
          <div
            class="c8"
          >
            <h3
              class="c3 c9"
              colordark="true"
            >
              Teste 1
            </h3>
            <p
              class="c5 c6"
            >
              Lorem ipsum dolor sit, amet consectetur adipisicing elit. Debitis cum delectus molestias. Atque doloribus nobis laudantium esse ut, non commodi maxime distinctio veritatis unde, reprehenderit minus ad dolores provident maiores.
            </p>
          </div>
          <div
            class="c8"
          >
            <h3
              class="c3 c9"
              colordark="true"
            >
              Teste 2
            </h3>
            <p
              class="c5 c6"
            >
              Lorem ipsum dolor sit, amet consectetur adipisicing elit. Debitis cum delectus molestias. Atque doloribus nobis laudantium esse ut, non commodi maxime distinctio veritatis unde, reprehenderit minus ad dolores provident maiores.
            </p>
          </div>
          <div
            class="c8"
          >
            <h3
              class="c3 c9"
              colordark="true"
            >
              Teste 3
            </h3>
            <p
              class="c5 c6"
            >
              Lorem ipsum dolor sit, amet consectetur adipisicing elit. Debitis cum delectus molestias. Atque doloribus nobis laudantium esse ut, non commodi maxime distinctio veritatis unde, reprehenderit minus ad dolores provident maiores.
            </p>
          </div>
        </div>
      </div>
      <video
        class="vjs-tech"
        id="vjs_video_2108_html5_api"
        playsinline=""
        role="application"
        src="https://video.privacy.com.br/bbfc5610-e3f1-4779-b05c-eaf636a405b8/mp4/adbdbdef-3010-4758-be2f-5af11bc93094-638466691110364374--feercamppos_Mp4_Avc_Aac_16x9_1280x720p_24Hz_8.5Mbps_qvbr.mp4"
        tabindex="-1"
      />
    </div>
  </div>
</div>
`;
