// Jest Snapshot v1, https://goo.gl/fbAQLP

exports[`<GridTwoColumns /> should render two column grid 1`] = `
.c5 {
  color: #0A1128;
  width: auto;
  font-size: 6.4rem;
  text-transform: uppercase;
}

.c2 {
  display: grid;
  grid-template-columns: 1fr 1.5fr;
  align-items: center;
  gap: 3.2rem;
}

.c2 .c4 {
  margin-bottom: 4.0rem;
}

.c6 {
  font-size: 2.4rem;
}

.c0 {
  background-color: #FFFFFF;
  color: #0A1128;
  min-height: 100vh;
  display: flex;
  align-items: center;
}

.c1 {
  max-width: 120rem;
  margin: 0 auto;
  padding: 3.2rem;
}

@media (max-width: 768px) {
  .c5 {
    font-size: 4.0rem;
  }
}

@media (max-width: 768px) {
  .c2 {
    grid-template-columns: 1fr;
    text-align: center;
  }
}

@media (max-width: 768px) {
  .c3 {
    margin-bottom: 3.2rem;
  }
}

<div>
  <div
    class="c0"
  >
    <div
      class="c1"
    >
      <div
        class="c2"
      >
        <div
          class="c3"
        >
          <h2
            class="c4 c5"
            colordark="true"
          >
            Grid Two Columns
          </h2>
          <div
            class="c6"
          >
            Lorem ipsum dolor sit amet, consectetur adipisicing elit. Vel voluptatem, et fugit dolorum nulla inventore cumque fugiat officiis explicabo, ab a nihil sit animi temporibus excepturi! Atque eos maxime tempora!
          </div>
        </div>
        <div
          class=""
        >
          <img
            alt="Grid Two Columns"
            class=""
            src="assets/images/javascript.svg"
          />
        </div>
      </div>
    </div>
  </div>
</div>
`;
